// Jest Snapshot v1, https://goo.gl/fbAQLP

exports[`parseParallelism throwsErrorOnInvalidParallelism 1`] = `"Invalid parallelism value of 'tequila', expected a number, a percentage, or 'max'"`;

exports[`parseParallelism throwsErrorOnInvalidParallelismPercentage 1`] = `"Invalid percentage value of '200%', value cannot be less than '0%' or more than '100%'"`;
