// Jest Snapshot v1, https://goo.gl/fbAQLP

exports[`formatAsSARIF should correctly format ESLint results into SARIF log 1`] = `
Object {
  "$schema": "http://json.schemastore.org/sarif-2.1.0-rtm.5",
  "runs": Array [
    Object {
      "artifacts": Array [
        Object {
          "location": Object {
            "uri": "file:///C:/Users/ating/Work/rushstack-fork/rushstack/heft-plugins/heft-lint-plugin/src/file1.ts",
          },
        },
      ],
      "results": Array [
        Object {
          "level": "error",
          "locations": Array [
            Object {
              "physicalLocation": Object {
                "artifactLocation": Object {
                  "index": 0,
                  "uri": "file:///C:/Users/ating/Work/rushstack-fork/rushstack/heft-plugins/heft-lint-plugin/src/file1.ts",
                },
                "region": Object {
                  "endColumn": 6,
                  "endLine": 10,
                  "snippet": Object {
                    "text": "const x = 1;",
                  },
                  "startColumn": 5,
                  "startLine": 10,
                },
              },
            },
          ],
          "message": Object {
            "text": "'x' is defined but never used.",
          },
          "ruleId": "no-unused-vars",
        },
      ],
      "tool": Object {
        "driver": Object {
          "informationUri": "https://eslint.org",
          "name": "ESLint",
          "rules": Array [],
          "version": "7.32.0",
        },
      },
    },
  ],
  "version": "2.1.0",
}
`;
