// Jest Snapshot v1, https://goo.gl/fbAQLP

exports[`CommandLineParser renders help text: do:the-job 1`] = `
"usage: example do:the-job [-h] [--flag]

a longer description with sprintf-style escape characters, 100%

Optional arguments:
  -h, --help  Show this help message and exit.
  --flag      The flag
"
`;

exports[`CommandLineParser renders help text: global help 1`] = `
"usage: example [-h] <command> ...

An example project with sprintf-style escape characters, 100%

Positional arguments:
  <command>
    do:the-job
              does the job with sprintf-style escape characters, 100%

Optional arguments:
  -h, --help  Show this help message and exit.

[bold]For detailed help about a specific command, use: example <command> -h[normal]
"
`;
