// Jest Snapshot v1, https://goo.gl/fbAQLP

exports[`JsonSchema validateObjectWithCallback successfully reports a compound validation error for format errors 1`] = `
Array [
  "
Error: #/exampleLink
       must match format \\"uri\\"",
]
`;

exports[`JsonSchema validateObjectWithCallback successfully reports a compound validation error schema errors 1`] = `
Array [
  "
Error: #/exampleOneOf
       must have required property 'field1'
Error: #/exampleOneOf
       must have required property 'field3'
Error: #/exampleOneOf
       must match exactly one schema in oneOf",
]
`;
